[html.rovadex.com/html-fitmax/index.html]
[backblue.gif]
[fade.gif]
[index.html]
[html.rovadex.com/html-fitmax/assets/img/favicon.png]
[html.rovadex.com/html-fitmax/assets/css/slick.min.css]
[html.rovadex.com/html-fitmax/assets/css/bootstrap-grid.css]
[html.rovadex.com/html-fitmax/assets/css/font-awesome.min.css]
[html.rovadex.com/html-fitmax/assets/css/style.css]
[html.rovadex.com/html-fitmax/assets/img/logo.svg]
[html.rovadex.com/html-fitmax/home-fitness.html]
[html.rovadex.com/html-fitmax/home-crossfit-lite.html]
[html.rovadex.com/html-fitmax/about.html]
[html.rovadex.com/html-fitmax/services.html]
[html.rovadex.com/html-fitmax/program.html]
[html.rovadex.com/html-fitmax/trainer.html]
[html.rovadex.com/html-fitmax/blog.html]
[html.rovadex.com/html-fitmax/contacts.html]
[html.rovadex.com/html-fitmax/assets/img/effect-1.svg]
[html.rovadex.com/html-fitmax/assets/img/effect-2.svg]
[html.rovadex.com/html-fitmax/assets/img/slide-1.jpg]
[html.rovadex.com/html-fitmax/assets/img/slide-2.jpg]
[html.rovadex.com/html-fitmax/assets/img/slide-3.jpg]
[html.rovadex.com/html-fitmax/assets/img/placeholder-all.png]
[html.rovadex.com/html-fitmax/assets/img/bg-programs.jpg]
[html.rovadex.com/html-fitmax/assets/img/bg-programs.svg]
[html.rovadex.com/html-fitmax/assets/img/programs-1.jpg]
[html.rovadex.com/html-fitmax/assets/img/programs-2.jpg]
[html.rovadex.com/html-fitmax/assets/img/programs-3.jpg]
[html.rovadex.com/html-fitmax/assets/img/programs-4.jpg]
[html.rovadex.com/html-fitmax/assets/img/bg-contacts.svg]
[html.rovadex.com/html-fitmax/assets/img/crossmax-2.jpg]
[html.rovadex.com/html-fitmax/assets/img/bg-price-1.svg]
[html.rovadex.com/html-fitmax/assets/img/bg-price-2.svg]
[html.rovadex.com/html-fitmax/assets/img/bg-price-3.svg]
[html.rovadex.com/html-fitmax/assets/img/bg-testimonials.jpg]
[html.rovadex.com/html-fitmax/assets/img/bg-testimonials.svg]
[html.rovadex.com/html-fitmax/assets/img/testimonials-1.png]
[html.rovadex.com/html-fitmax/assets/img/testimonials-2.png]
[html.rovadex.com/html-fitmax/assets/img/testimonials-3.png]
[html.rovadex.com/html-fitmax/single-blog.html]
[html.rovadex.com/html-fitmax/assets/img/bg-table-1.svg]
[html.rovadex.com/html-fitmax/assets/img/bg-2.jpg]
[html.rovadex.com/html-fitmax/assets/img/footer-logo2.svg]
[html.rovadex.com/html-fitmax/assets/img/footer-icon-1.jpg]
[html.rovadex.com/html-fitmax/assets/img/footer-icon-2.jpg]
[html.rovadex.com/html-fitmax/assets/js/jquery-2.2.4.min.js]
[html.rovadex.com/html-fitmax/assets/js/slick.min.js]
[html.rovadex.com/html-fitmax/assets/js/rx-lazy.js]
[html.rovadex.com/html-fitmax/assets/js/parallax.min.js]
[html.rovadex.com/html-fitmax/index.html]
[html.rovadex.com/html-fitmax/assets/css/slick.min.css]
[html.rovadex.com/html-fitmax/assets/css/bootstrap-grid.css]
[html.rovadex.com/html-fitmax/assets/js/scripts.js]
[html.rovadex.com/html-fitmax/assets/fonts/fontawesome-webfont3e6e.eot]
[html.rovadex.com/html-fitmax/assets/fonts/fontawesome-webfontd41d.eot]
[html.rovadex.com/html-fitmax/assets/fonts/fontawesome-webfont3e6e.woff2]
[html.rovadex.com/html-fitmax/assets/fonts/fontawesome-webfont3e6e.woff]
[html.rovadex.com/html-fitmax/assets/css/font-awesome.min.css]
[html.rovadex.com/html-fitmax/assets/fonts/fontawesome-webfont3e6e.ttf]
[html.rovadex.com/html-fitmax/assets/css/style.css]
[html.rovadex.com/html-fitmax/assets/img/logo.svg]
[html.rovadex.com/html-fitmax/assets/img/bg-crossfit.svg]
[html.rovadex.com/html-fitmax/assets/css/jquery.fancybox.css]
[html.rovadex.com/html-fitmax/assets/img/logo-2.svg]
[html.rovadex.com/html-fitmax/assets/fonts/fontawesome-webfont3e6e.svg]
[html.rovadex.com/html-fitmax/assets/img/effect-1-1.svg]
[html.rovadex.com/html-fitmax/assets/img/woman1.png]
[html.rovadex.com/html-fitmax/assets/img/slider-square.svg]
[html.rovadex.com/html-fitmax/assets/img/woman2.png]
[html.rovadex.com/html-fitmax/assets/img/woman3.png]
[html.rovadex.com/html-fitmax/assets/img/bg-best.svg]
[html.rovadex.com/html-fitmax/assets/img/home2-program-1.jpg]
[html.rovadex.com/html-fitmax/assets/img/home2-program-2.jpg]
[html.rovadex.com/html-fitmax/assets/img/home2-program-3.jpg]
[html.rovadex.com/html-fitmax/assets/img/home2-program-4.jpg]
[html.rovadex.com/html-fitmax/assets/img/home2-program-5.jpg]
[html.rovadex.com/html-fitmax/assets/img/home2-program-6.jpg]
[html.rovadex.com/html-fitmax/assets/img/single-1.jpg]
[html.rovadex.com/html-fitmax/assets/img/single-2.jpg]
[html.rovadex.com/html-fitmax/assets/img/single-3.jpg]
[html.rovadex.com/html-fitmax/assets/img/single-4.jpg]
[html.rovadex.com/html-fitmax/assets/img/single-5.jpg]
[html.rovadex.com/html-fitmax/assets/img/best-1.jpg]
[html.rovadex.com/html-fitmax/assets/img/bg-testi-2.svg]
[html.rovadex.com/html-fitmax/assets/img/home-price-1.svg]
[html.rovadex.com/html-fitmax/assets/img/home-price-2.svg]
[html.rovadex.com/html-fitmax/assets/img/home-price-3.svg]
[html.rovadex.com/html-fitmax/assets/img/gall-1-min.jpg]
[html.rovadex.com/html-fitmax/assets/img/gall-2-min.jpg]
[html.rovadex.com/html-fitmax/assets/img/gall-3-min.jpg]
[html.rovadex.com/html-fitmax/assets/img/gall-4-min.jpg]
[html.rovadex.com/html-fitmax/assets/img/gall-8-min.jpg]
[html.rovadex.com/html-fitmax/assets/img/gall-6-min.jpg]
[html.rovadex.com/html-fitmax/assets/img/gall-7-min.jpg]
[html.rovadex.com/html-fitmax/assets/img/gall-5-min.jpg]
[html.rovadex.com/html-fitmax/assets/img/gall-11-min.jpg]
[html.rovadex.com/html-fitmax/assets/img/gall-10-min.jpg]
[html.rovadex.com/html-fitmax/assets/img/gall-9-min.jpg]
[html.rovadex.com/html-fitmax/assets/js/isotope.pkgd.js]
[html.rovadex.com/html-fitmax/home-fitness.html]
[html.rovadex.com/html-fitmax/home-crossfit-lite.html]
[html.rovadex.com/html-fitmax/assets/js/jquery.fancybox.js]
[html.rovadex.com/html-fitmax/assets/img/bg-1-min.png]
[html.rovadex.com/html-fitmax/assets/img/tringle-about-top.svg]
[html.rovadex.com/html-fitmax/assets/img/square-yellow.svg]
[html.rovadex.com/html-fitmax/assets/img/group-circle-2.svg]
[html.rovadex.com/html-fitmax/assets/img/about-top-1.jpg]
[html.rovadex.com/html-fitmax/assets/img/about-top-2.jpg]
[html.rovadex.com/html-fitmax/assets/img/bg-competitions.svg]
[html.rovadex.com/html-fitmax/assets/img/trainer-1.jpg]
[html.rovadex.com/html-fitmax/assets/img/trainer-2.jpg]
[html.rovadex.com/html-fitmax/assets/img/trainer-3.jpg]
[html.rovadex.com/html-fitmax/assets/img/trainer-4.jpg]
[html.rovadex.com/html-fitmax/assets/img/partners-1.svg]
[html.rovadex.com/html-fitmax/assets/img/partners-2.svg]
[html.rovadex.com/html-fitmax/assets/img/partners-3.svg]
[html.rovadex.com/html-fitmax/assets/img/partners-5.svg]
[html.rovadex.com/html-fitmax/assets/img/partners-4.svg]
[html.rovadex.com/html-fitmax/assets/img/partners-6.svg]
[html.rovadex.com/html-fitmax/assets/img/icon-1.svg]
[html.rovadex.com/html-fitmax/assets/img/icon-2.svg]
[html.rovadex.com/html-fitmax/about.html]
[html.rovadex.com/html-fitmax/assets/img/icon-3.svg]
[html.rovadex.com/html-fitmax/assets/img/line-red-1.svg]
[html.rovadex.com/html-fitmax/assets/img/serv-1.svg]
[html.rovadex.com/html-fitmax/assets/img/serv-2.svg]
[html.rovadex.com/html-fitmax/services.html]
[html.rovadex.com/html-fitmax/program.html]
[html.rovadex.com/html-fitmax/assets/img/serv-3.svg]
[html.rovadex.com/html-fitmax/assets/img/line-red-2.svg]
[html.rovadex.com/html-fitmax/assets/img/image-1.jpg]
[html.rovadex.com/html-fitmax/trainer.html]
[html.rovadex.com/html-fitmax/assets/img/blog-1.jpg]
[html.rovadex.com/html-fitmax/assets/img/blog-2.jpg]
[html.rovadex.com/html-fitmax/assets/img/insta-widget-1.jpg]
[html.rovadex.com/html-fitmax/assets/img/insta-widget-2.jpg]
[html.rovadex.com/html-fitmax/assets/img/insta-widget-3.jpg]
[html.rovadex.com/html-fitmax/assets/img/insta-widget-4.jpg]
[html.rovadex.com/html-fitmax/assets/img/insta-widget-5.jpg]
[html.rovadex.com/html-fitmax/assets/img/insta-widget-6.jpg]
[html.rovadex.com/html-fitmax/blog.html]
[html.rovadex.com/html-fitmax/contacts.html]
[html.rovadex.com/html-fitmax/assets/img/effect-1.svg]
[html.rovadex.com/html-fitmax/assets/img/effect-2.svg]
[html.rovadex.com/html-fitmax/assets/img/bg-programs.svg]
[html.rovadex.com/html-fitmax/assets/img/bg-contacts.svg]
[html.rovadex.com/html-fitmax/assets/img/bg-price-1.svg]
[html.rovadex.com/html-fitmax/assets/img/bg-price-2.svg]
[html.rovadex.com/html-fitmax/assets/img/bg-price-3.svg]
[html.rovadex.com/html-fitmax/assets/img/bg-testimonials.svg]
[html.rovadex.com/html-fitmax/assets/img/autor-img.png]
[html.rovadex.com/html-fitmax/assets/img/comments-photo-1.png]
[html.rovadex.com/html-fitmax/assets/img/comments-photo-2.png]
[html.rovadex.com/html-fitmax/assets/img/blog-4.jpg]
[html.rovadex.com/html-fitmax/assets/img/blog-3.jpg]
[html.rovadex.com/html-fitmax/single-blog.html]
[html.rovadex.com/html-fitmax/assets/img/bg-table-1.svg]
[html.rovadex.com/html-fitmax/assets/img/footer-logo2.svg]
[html.rovadex.com/html-fitmax/assets/fonts/fontawesome-webfont3e6e.svg]
[html.rovadex.com/html-fitmax/assets/img/bg-crossfit.svg]
[html.rovadex.com/html-fitmax/assets/css/jquery.fancybox.css]
[html.rovadex.com/html-fitmax/assets/img/logo-2.svg]
[html.rovadex.com/html-fitmax/assets/img/effect-1-1.svg]
[html.rovadex.com/html-fitmax/assets/img/slider-square.svg]
[html.rovadex.com/html-fitmax/assets/img/bg-best.svg]
[html.rovadex.com/html-fitmax/assets/img/bg-testi-2.svg]
[html.rovadex.com/html-fitmax/assets/img/home-price-1.svg]
[html.rovadex.com/html-fitmax/assets/img/home-price-2.svg]
[html.rovadex.com/html-fitmax/assets/img/home-price-3.svg]
[html.rovadex.com/html-fitmax/assets/img/tringle-about-top.svg]
[html.rovadex.com/html-fitmax/assets/img/square-yellow.svg]
[html.rovadex.com/html-fitmax/assets/img/group-circle-2.svg]
[html.rovadex.com/html-fitmax/assets/img/bg-competitions.svg]
[html.rovadex.com/html-fitmax/assets/img/partners-1.svg]
[html.rovadex.com/html-fitmax/assets/img/partners-2.svg]
[html.rovadex.com/html-fitmax/assets/img/partners-3.svg]
[html.rovadex.com/html-fitmax/assets/img/partners-4.svg]
[html.rovadex.com/html-fitmax/assets/img/partners-5.svg]
[html.rovadex.com/html-fitmax/assets/img/partners-6.svg]
[html.rovadex.com/html-fitmax/assets/img/icon-1.svg]
[html.rovadex.com/html-fitmax/assets/img/icon-2.svg]
[html.rovadex.com/html-fitmax/assets/img/icon-3.svg]
[html.rovadex.com/html-fitmax/assets/img/line-red-1.svg]
[html.rovadex.com/html-fitmax/assets/img/serv-1.svg]
[html.rovadex.com/html-fitmax/assets/img/serv-2.svg]
[html.rovadex.com/html-fitmax/assets/img/serv-3.svg]
[html.rovadex.com/html-fitmax/assets/img/line-red-2.svg]
